I'm sorry, but errors were detected in your script. Please correct the
errors listed below, and try again.


File "game/script.rpy", line 56: end of line expected.
    scene classroom@2
                   ^

Ren'Py Version: Ren'Py 8.1.1.23060707
Thu Jul  6 21:47:38 2023
